Warning: Some files inside "/data" are not writable from inside container. Changing folder owner to neo4j.
find: ‘/data/lost+found’: Permission denied
chown: cannot read directory '/data/lost+found': Permission denied
chown: changing ownership of '/data': Operation not permitted
find: ‘/data/lost+found’: Permission denied
Warning: Some files inside "/data" are not writable from inside container. Changing folder owner to neo4j.
2026-08-25 11:45:03.250+0000 INFO  Logging config in use: File '/var/lib/neo4j/conf/user-logs.xml'
2026-08-25 11:45:03.348+0000 INFO  Starting...
2026-08-25 11:45:11.037+0000 INFO  This instance is ServerId{77990da4} (77990da4-57a7-4634-b8fb-54ea295773f0)
2026-08-25 11:45:19.744+0000 INFO  ======== Neo4j 5.26.30 ========
2026-08-25 11:45:35.746+0000 INFO  Anonymous Usage Data is being sent to Neo4j, see https://neo4j.com/docs/usage-data/
2026-08-25 11:45:35.904+0000 INFO  Bolt enabled on 0.0.0.0:7687.
2026-08-25 11:45:47.338+0000 INFO  HTTP enabled on 0.0.0.0:7474.
2026-08-25 11:45:47.340+0000 INFO  Remote interface available at http://localhost:7474/
2026-08-25 11:45:47.344+0000 INFO  id: 610EE29DE8039FF5EB454485EDCA29CC174616F2526E98217313AD40977F6038
2026-08-25 11:45:47.345+0000 INFO  name: system
2026-08-25 11:45:47.345+0000 INFO  creationDate: 2026-08-25T11:45:27.053Z
2026-08-25 11:45:47.345+0000 INFO  Started.
2026-08-25 11:59:30.485+0000 INFO  Neo4j Server shutdown initiated by request
2026-08-25 11:59:30.537+0000 INFO  Stopping...
2026-08-25 11:59:36.136+0000 INFO  Stopped.
2026-08-25 12:28:34.763+0000 INFO  Logging config in use: File '/var/lib/neo4j/conf/user-logs.xml'
2026-08-25 12:28:34.950+0000 INFO  Starting...
2026-08-25 12:28:42.953+0000 INFO  This instance is ServerId{77990da4} (77990da4-57a7-4634-b8fb-54ea295773f0)
2026-08-25 12:28:53.744+0000 INFO  ======== Neo4j 5.26.30 ========
2026-08-25 12:29:07.388+0000 INFO  Anonymous Usage Data is being sent to Neo4j, see https://neo4j.com/docs/usage-data/
2026-08-25 12:29:07.699+0000 INFO  Bolt enabled on 0.0.0.0:7687.
2026-08-25 12:29:20.846+0000 INFO  HTTP enabled on 0.0.0.0:7474.
2026-08-25 12:29:20.848+0000 INFO  Remote interface available at http://localhost:7474/
2026-08-25 12:29:20.859+0000 INFO  id: 610EE29DE8039FF5EB454485EDCA29CC174616F2526E98217313AD40977F6038
2026-08-25 12:29:20.859+0000 INFO  name: system
2026-08-25 12:29:20.860+0000 INFO  creationDate: 2026-08-25T11:45:27.053Z
2026-08-25 12:29:20.861+0000 INFO  Started.
2026-08-25 12:29:41.339+0000 INFO  Neo4j Server shutdown initiated by request
2026-08-25 12:29:41.339+0000 INFO  Stopping...
2026-08-25 12:33:22.648+0000 INFO  Logging config in use: File '/var/lib/neo4j/conf/user-logs.xml'
2026-08-25 12:33:22.829+0000 INFO  Starting...
2026-08-25 12:33:31.135+0000 INFO  This instance is ServerId{77990da4} (77990da4-57a7-4634-b8fb-54ea295773f0)
2026-08-25 12:33:40.057+0000 INFO  ======== Neo4j 5.26.30 ========
2026-08-25 12:33:52.043+0000 INFO  Anonymous Usage Data is being sent to Neo4j, see https://neo4j.com/docs/usage-data/
2026-08-25 12:33:52.298+0000 INFO  Bolt enabled on 0.0.0.0:7687.
2026-08-25 12:34:02.741+0000 INFO  HTTP enabled on 0.0.0.0:7474.
2026-08-25 12:34:02.744+0000 INFO  Remote interface available at http://localhost:7474/
2026-08-25 12:34:02.830+0000 INFO  id: 610EE29DE8039FF5EB454485EDCA29CC174616F2526E98217313AD40977F6038
2026-08-25 12:34:02.831+0000 INFO  name: system
2026-08-25 12:34:02.831+0000 INFO  creationDate: 2026-08-25T11:45:27.053Z
2026-08-25 12:34:02.831+0000 INFO  Started.
2026-08-25 12:34:16.377+0000 INFO  Neo4j Server shutdown initiated by request
2026-08-25 12:34:16.378+0000 INFO  Stopping...
2026-08-25 12:46:18.435+0000 INFO  Logging config in use: File '/var/lib/neo4j/conf/user-logs.xml'
2026-08-25 12:46:18.529+0000 INFO  Starting...
2026-08-25 12:46:25.924+0000 INFO  This instance is ServerId{77990da4} (77990da4-57a7-4634-b8fb-54ea295773f0)
2026-08-25 12:46:35.822+0000 INFO  ======== Neo4j 5.26.30 ========
2026-08-25 12:46:48.623+0000 INFO  Anonymous Usage Data is being sent to Neo4j, see https://neo4j.com/docs/usage-data/
2026-08-25 12:46:49.048+0000 INFO  Bolt enabled on 0.0.0.0:7687.
2026-08-25 12:46:59.409+0000 INFO  HTTP enabled on 0.0.0.0:7474.
2026-08-25 12:46:59.411+0000 INFO  Remote interface available at http://localhost:7474/
2026-08-25 12:46:59.457+0000 INFO  id: 610EE29DE8039FF5EB454485EDCA29CC174616F2526E98217313AD40977F6038
2026-08-25 12:46:59.505+0000 INFO  name: system
2026-08-25 12:46:59.506+0000 INFO  creationDate: 2026-08-25T11:45:27.053Z
2026-08-25 12:46:59.506+0000 INFO  Started.
2026-08-25 12:47:20.262+0000 INFO  Neo4j Server shutdown initiated by request
2026-08-25 12:47:20.265+0000 INFO  Stopping...
2026-08-25 13:49:51.660+0000 INFO  Logging config in use: File '/var/lib/neo4j/conf/user-logs.xml'
2026-08-25 13:49:51.768+0000 INFO  Starting...
2026-08-25 13:49:59.061+0000 INFO  This instance is ServerId{77990da4} (77990da4-57a7-4634-b8fb-54ea295773f0)
2026-08-25 13:50:08.067+0000 INFO  ======== Neo4j 5.26.30 ========
2026-08-25 13:50:19.780+0000 INFO  Anonymous Usage Data is being sent to Neo4j, see https://neo4j.com/docs/usage-data/
2026-08-25 13:50:20.122+0000 INFO  Bolt enabled on 0.0.0.0:7687.
2026-08-25 13:50:39.758+0000 INFO  HTTP enabled on 0.0.0.0:7474.
2026-08-25 13:50:39.760+0000 INFO  Remote interface available at http://localhost:7474/
2026-08-25 13:50:39.954+0000 INFO  id: 610EE29DE8039FF5EB454485EDCA29CC174616F2526E98217313AD40977F6038
2026-08-25 13:50:39.955+0000 INFO  name: system
2026-08-25 13:50:39.956+0000 INFO  creationDate: 2026-08-25T11:45:27.053Z
2026-08-25 13:50:39.956+0000 INFO  Started.
